# E2B_TEST_IMAGE=e2b-sandlock-test:task12cur
===== E2B_REAL_ROOT=0 (identity) =====
1 passed in 0.77s
--- verdict (identity) ---
{
  "state": "0 (identity: no synthesized root)",
  "switches": {
    "E2B_PURE_ROOTFS": "",
    "E2B_REAL_ROOT": "0"
  },
  "stubHostPath": "/usr/local/lib/python3.14/site-packages/sandlock/bin/restore-stub",
  "stubHostSha256": "aef61c0e1e58ec9797027609308d5570e8da9c321d04fc200cca965ed2e30f95",
  "rounds": [
    {
      "label": "default-stub-path",
      "sandboxId": "sbx_task12_default_stub_path",
      "stubOverride": null,
      "image": "/tmp/tmpnerzkl4w-task12-base/_runtime/.checkpoints/sbx_task12_default_stub_path/latest",
      "capture": {
        "captured": true,
        "reason": "",
        "image": "/tmp/tmpnerzkl4w-task12-base/_runtime/.checkpoints/sbx_task12_default_stub_path/latest",
        "imageMB": 0,
        "pid": 25,
        "fds": 3,
        "exe": "/usr/bin/dash",
        "argv": [
          "/bin/sh",
          "-c",
          "d=$(pwd); i=0; while true; do i=$((i+1)); printf \"%s\" \"$i\" > \"$d/tick.tmp\"; mv \"$d/tick.tmp\" \"$d/tick\"; sleep 0.2; done"
        ]
      },
      "counterAtCapture": 1,
      "restore": {
        "restored": true,
        "reason": "",
        "pid": 46,
        "child_id": 1,
        "unrecoveredFdCount": 3
      },
      "restoredProcBefore": {
        "pid": 46,
        "exists": true,
        "state": "S",
        "cwd": "/"
      },
      "execAfterRestore": [
        0,
        "restored-ok\n",
        ""
      ],
      "counterAfterRestore": 2,
      "restoredProcAfter": {
        "pid": 46,
        "exists": true,
        "state": "S",
        "cwd": "/"
      },
      "stubVisibleInGuest": [
        0,
        "-rwxr-xr-x 1 0 0 9688 Sep 26 12:29 /usr/local/lib/python3.14/site-packages/sandlock/bin/restore-stub\n",
        ""
      ]
    },
    {
      "label": "stub-relocated-outside-the-tree",
      "sandboxId": "sbx_task12_stub_relocated_outside_the_tree",
      "stubOverride": "/tmp/tmpnerzkl4w-task12-base/outside-the-sandbox-tree/restore-stub",
      "image": "/tmp/tmpnerzkl4w-task12-base/_runtime/.checkpoints/sbx_task12_stub_relocated_outside_the_tree/latest",
      "capture": {
        "captured": true,
        "reason": "",
        "image": "/tmp/tmpnerzkl4w-task12-base/_runtime/.checkpoints/sbx_task12_stub_relocated_outside_the_tree/latest",
        "imageMB": 0,
        "pid": 72,
        "fds": 3,
        "exe": "/usr/bin/dash",
        "argv": [
          "/bin/sh",
          "-c",
          "d=$(pwd); i=0; while true; do i=$((i+1)); printf \"%s\" \"$i\" > \"$d/tick.tmp\"; mv \"$d/tick.tmp\" \"$d/tick\"; sleep 0.2; done"
        ]
      },
      "counterAtCapture": 1,
      "restore": {
        "restored": true,
        "reason": "",
        "pid": 93,
        "child_id": 1,
        "unrecoveredFdCount": 3
      },
      "restoredProcBefore": {
        "pid": 93,
        "exists": true,
        "state": "D",
        "cwd": "/"
      },
      "execAfterRestore": [
        0,
        "restored-ok\n",
        ""
      ],
      "counterAfterRestore": 2,
      "restoredProcAfter": {
        "pid": 93,
        "exists": true,
        "state": "S",
        "cwd": "/"
      },
      "stubVisibleInGuest": [
        2,
        "",
        "ls: cannot access '/tmp/tmpnerzkl4w-task12-base/outside-the-sandbox-tree/restore-stub': Permission denied\n"
      ]
    }
  ],
  "negativeControl": {
    "label": "absent-stub-path",
    "sandboxId": "sbx_task12_absent_stub_path",
    "stubOverride": "/workspace/tmp/k0s/task12/absent-restore-stub",
    "image": "/tmp/tmpnerzkl4w-task12-base/_runtime/.checkpoints/sbx_task12_absent_stub_path/latest",
    "capture": {
      "captured": true,
      "reason": "",
      "image": "/tmp/tmpnerzkl4w-task12-base/_runtime/.checkpoints/sbx_task12_absent_stub_path/latest",
      "imageMB": 0,
      "pid": 118,
      "fds": 4,
      "exe": "/usr/bin/dash",
      "argv": [
        "/bin/sh",
        "-c",
        "d=$(pwd); i=0; while true; do i=$((i+1)); printf \"%s\" \"$i\" > \"$d/tick.tmp\"; mv \"$d/tick.tmp\" \"$d/tick\"; sleep 0.2; done"
      ]
    },
    "counterAtCapture": 1,
    "restore": {
      "restored": false,
      "reason": "instance restore failed: process error: child process error: restore-stub was not built (/workspace/tmp/k0s/task12/absent-restore-stub); a C compiler is required to build sandlock with checkpoint restore",
      "pid": null,
      "child_id": null,
      "unrecoveredFdCount": null
    },
    "restoredProcBefore": null,
    "execAfterRestore": null,
    "counterAfterRestore": null,
    "restoredProcAfter": null,
    "stubVisibleInGuest": null
  },
  "verdict": "恢复成立（0 (identity: no synthesized root)）：[default-stub-path] image=0 MiB pid 25 exe '/usr/bin/dash' argv ['/bin/sh', '-c', 'd=$(pwd); i=0; while true; do i=$((i+1)); printf \"%s\" \"$i\" > \"$d/tick.tmp\"; mv \"$d/tick.tmp\" \"$d/tick\"; sleep 0.2; done'] → 新 session pid 46 (child 1)，恢复后 exec rc=0，计数器 1 → 2，未恢复 fd 3 个；stub 在沙箱里看得见（rc=0）；[stub-relocated-outside-the-tree] image=0 MiB pid 72 exe '/usr/bin/dash' argv ['/bin/sh', '-c', 'd=$(pwd); i=0; while true; do i=$((i+1)); printf \"%s\" \"$i\" > \"$d/tick.tmp\"; mv \"$d/tick.tmp\" \"$d/tick\"; sleep 0.2; done'] → 新 session pid 93 (child 1)，恢复后 exec rc=0，计数器 1 → 2，未恢复 fd 3 个；stub 在沙箱里看不见（rc=2）；负对照（把 SANDLOCK_RESTORE_STUB 指到一个不存在的路径）被显式拒绝：'instance restore failed: process error: child process error: restore-stub was not built (/workspace/tmp/k0s/task12/absent-restore-stub); a C compiler is required to build sandlock with checkpoint restore'"
}
--- e2b log (identity) ---
INFO envd_service.route_b: route-B slot sbx_task12_default_stub_path leased uid 1000 (sandbox sbx_task12_default_stub_path, instance pid 23)
INFO envd_service.executors.sandlock: route-B instance ready sandbox_id=sbx_task12_default_stub_path instance_name=sbx_task12_default_stub_path uid=1000 slot=sbx_task12_default_stub_path channel=fd-handoff(pid 10) guest-uid=uid-0-in-userns
INFO envd_service.executors.sandlock: sandbox_id=sbx_task12_default_stub_path pushed-append wiring: sink=False slot_events=True
INFO envd_service.executors.sandlock: sandlock instance created sandbox_id=sbx_task12_default_stub_path instance_name=sbx_task12_default_stub_path max_memory=512M max_processes=64 chroot=no
INFO envd_service.runtime.checkpoint_store: sandbox sbx_task12_default_stub_path: checkpoint image written to /tmp/tmpnerzkl4w-task12-base/_runtime/.checkpoints/sbx_task12_default_stub_path/latest (0 MiB, pid 25, 3 fd(s), captured /usr/bin/dash ['/bin/sh', '-c', 'd=$(pwd); i=0; while true; do i=$((i+1)); printf "%s" "$i" > "$d/tick.tmp"; mv "$d/tick.tmp" "$d/tick"; sleep 0.2; done']); the platform account now holds 0 MiB of an unlimited budget
INFO envd_service.executors.sandlock: sandlock instance closed sandbox_id=sbx_task12_default_stub_path instance_name=sbx_task12_default_stub_path
INFO envd_service.route_b: route-B slot sbx_task12_default_stub_path released uid 1000
INFO envd_service.route_b: route-B slot sbx_task12_default_stub_path leased uid 1000 (sandbox sbx_task12_default_stub_path, instance pid 44)
INFO envd_service.executors.sandlock: route-B instance ready sandbox_id=sbx_task12_default_stub_path instance_name=sbx_task12_default_stub_path uid=1000 slot=sbx_task12_default_stub_path channel=fd-handoff(pid 31) guest-uid=uid-0-in-userns
INFO envd_service.executors.sandlock: sandbox_id=sbx_task12_default_stub_path pushed-append wiring: sink=False slot_events=True
INFO envd_service.executors.sandlock: sandlock instance created sandbox_id=sbx_task12_default_stub_path instance_name=sbx_task12_default_stub_path max_memory=512M max_processes=64 chroot=no
INFO envd_service.runtime.checkpoint_store: sandbox sbx_task12_default_stub_path: resumed /tmp/tmpnerzkl4w-task12-base/_runtime/.checkpoints/sbx_task12_default_stub_path/latest into the session (child 1, pid 46); 3 fd(s) could not come back (sockets/pipes/memfds): [{'fd': 0, 'path': 'pipe:[26511506]'}, {'fd': 1, 'path': 'pipe:[26511507]'}, {'fd': 2, 'path': 'pipe:[26511508]'}]
INFO envd_service.executors.sandlock: sandlock instance closed sandbox_id=sbx_task12_default_stub_path instance_name=sbx_task12_default_stub_path
INFO envd_service.route_b: route-B slot sbx_task12_default_stub_path released uid 1000
INFO envd_service.route_b: route-B slot sbx_task12_stub_relocated_outside_the_tree leased uid 1000 (sandbox sbx_task12_stub_relocated_outside_the_tree, instance pid 70)
INFO envd_service.executors.sandlock: route-B instance ready sandbox_id=sbx_task12_stub_relocated_outside_the_tree instance_name=sbx_task12_stub_relocated_outside_the_tree uid=1000 slot=sbx_task12_stub_relocated_outside_the_tree channel=fd-handoff(pid 57) guest-uid=uid-0-in-userns
INFO envd_service.executors.sandlock: sandbox_id=sbx_task12_stub_relocated_outside_the_tree pushed-append wiring: sink=False slot_events=True
INFO envd_service.executors.sandlock: sandlock instance created sandbox_id=sbx_task12_stub_relocated_outside_the_tree instance_name=sbx_task12_stub_relocated_outside_the_tree max_memory=512M max_processes=64 chroot=no
INFO envd_service.runtime.checkpoint_store: sandbox sbx_task12_stub_relocated_outside_the_tree: checkpoint image written to /tmp/tmpnerzkl4w-task12-base/_runtime/.checkpoints/sbx_task12_stub_relocated_outside_the_tree/latest (0 MiB, pid 72, 3 fd(s), captured /usr/bin/dash ['/bin/sh', '-c', 'd=$(pwd); i=0; while true; do i=$((i+1)); printf "%s" "$i" > "$d/tick.tmp"; mv "$d/tick.tmp" "$d/tick"; sleep 0.2; done']); the platform account now holds 0 MiB of an unlimited budget
INFO envd_service.executors.sandlock: sandlock instance closed sandbox_id=sbx_task12_stub_relocated_outside_the_tree instance_name=sbx_task12_stub_relocated_outside_the_tree
INFO envd_service.route_b: route-B slot sbx_task12_stub_relocated_outside_the_tree released uid 1000
INFO envd_service.route_b: route-B slot sbx_task12_stub_relocated_outside_the_tree leased uid 1000 (sandbox sbx_task12_stub_relocated_outside_the_tree, instance pid 91)
INFO envd_service.executors.sandlock: route-B instance ready sandbox_id=sbx_task12_stub_relocated_outside_the_tree instance_name=sbx_task12_stub_relocated_outside_the_tree uid=1000 slot=sbx_task12_stub_relocated_outside_the_tree channel=fd-handoff(pid 78) guest-uid=uid-0-in-userns
INFO envd_service.executors.sandlock: sandbox_id=sbx_task12_stub_relocated_outside_the_tree pushed-append wiring: sink=False slot_events=True
INFO envd_service.executors.sandlock: sandlock instance created sandbox_id=sbx_task12_stub_relocated_outside_the_tree instance_name=sbx_task12_stub_relocated_outside_the_tree max_memory=512M max_processes=64 chroot=no
INFO envd_service.runtime.checkpoint_store: sandbox sbx_task12_stub_relocated_outside_the_tree: resumed /tmp/tmpnerzkl4w-task12-base/_runtime/.checkpoints/sbx_task12_stub_relocated_outside_the_tree/latest into the session (child 1, pid 93); 3 fd(s) could not come back (sockets/pipes/memfds): [{'fd': 0, 'path': 'pipe:[26503970]'}, {'fd': 1, 'path': 'pipe:[26503971]'}, {'fd': 2, 'path': 'pipe:[26503972]'}]
INFO envd_service.executors.sandlock: sandlock instance closed sandbox_id=sbx_task12_stub_relocated_outside_the_tree instance_name=sbx_task12_stub_relocated_outside_the_tree
INFO envd_service.route_b: route-B slot sbx_task12_stub_relocated_outside_the_tree released uid 1000
INFO envd_service.route_b: route-B slot sbx_task12_absent_stub_path leased uid 1000 (sandbox sbx_task12_absent_stub_path, instance pid 116)
INFO envd_service.executors.sandlock: route-B instance ready sandbox_id=sbx_task12_absent_stub_path instance_name=sbx_task12_absent_stub_path uid=1000 slot=sbx_task12_absent_stub_path channel=fd-handoff(pid 103) guest-uid=uid-0-in-userns
INFO envd_service.executors.sandlock: sandbox_id=sbx_task12_absent_stub_path pushed-append wiring: sink=False slot_events=True
INFO envd_service.executors.sandlock: sandlock instance created sandbox_id=sbx_task12_absent_stub_path instance_name=sbx_task12_absent_stub_path max_memory=512M max_processes=64 chroot=no
INFO envd_service.runtime.checkpoint_store: sandbox sbx_task12_absent_stub_path: checkpoint image written to /tmp/tmpnerzkl4w-task12-base/_runtime/.checkpoints/sbx_task12_absent_stub_path/latest (0 MiB, pid 118, 4 fd(s), captured /usr/bin/dash ['/bin/sh', '-c', 'd=$(pwd); i=0; while true; do i=$((i+1)); printf "%s" "$i" > "$d/tick.tmp"; mv "$d/tick.tmp" "$d/tick"; sleep 0.2; done']); the platform account now holds 0 MiB of an unlimited budget
INFO envd_service.executors.sandlock: sandlock instance closed sandbox_id=sbx_task12_absent_stub_path instance_name=sbx_task12_absent_stub_path
INFO envd_service.route_b: route-B slot sbx_task12_absent_stub_path released uid 1000
INFO envd_service.route_b: route-B slot sbx_task12_absent_stub_path leased uid 1000 (sandbox sbx_task12_absent_stub_path, instance pid 137)
INFO envd_service.executors.sandlock: route-B instance ready sandbox_id=sbx_task12_absent_stub_path instance_name=sbx_task12_absent_stub_path uid=1000 slot=sbx_task12_absent_stub_path channel=fd-handoff(pid 124) guest-uid=uid-0-in-userns
INFO envd_service.executors.sandlock: sandbox_id=sbx_task12_absent_stub_path pushed-append wiring: sink=False slot_events=True
INFO envd_service.executors.sandlock: sandlock instance created sandbox_id=sbx_task12_absent_stub_path instance_name=sbx_task12_absent_stub_path max_memory=512M max_processes=64 chroot=no
WARNING envd_service.executors.sandlock: restore refused for sandbox sbx_task12_absent_stub_path: instance restore failed: process error: child process error: restore-stub was not built (/workspace/tmp/k0s/task12/absent-restore-stub); a C compiler is required to build sandlock with checkpoint restore
WARNING envd_service.runtime.checkpoint_store: sandbox sbx_task12_absent_stub_path: checkpoint image /tmp/tmpnerzkl4w-task12-base/_runtime/.checkpoints/sbx_task12_absent_stub_path/latest was not resumed: instance restore failed: process error: child process error: restore-stub was not built (/workspace/tmp/k0s/task12/absent-restore-stub); a C compiler is required to build sandlock with checkpoint restore
INFO envd_service.executors.sandlock: sandlock instance closed sandbox_id=sbx_task12_absent_stub_path instance_name=sbx_task12_absent_stub_path
INFO envd_service.route_b: route-B slot sbx_task12_absent_stub_path released uid 1000
===== E2B_REAL_ROOT=1 (synth-realroot1) =====
1 passed in 0.65s
--- verdict (synth-realroot1) ---
{
  "state": "1 (synthesized root + real root)",
  "switches": {
    "E2B_PURE_ROOTFS": "synth",
    "E2B_REAL_ROOT": "1"
  },
  "stubHostPath": "/usr/local/lib/python3.14/site-packages/sandlock/bin/restore-stub",
  "stubHostSha256": "aef61c0e1e58ec9797027609308d5570e8da9c321d04fc200cca965ed2e30f95",
  "rounds": [
    {
      "label": "default-stub-path",
      "sandboxId": "sbx_task12_default_stub_path",
      "stubOverride": null,
      "image": "/tmp/tmpwydmxtgg-task12-base/_runtime/.checkpoints/sbx_task12_default_stub_path/latest",
      "capture": {
        "captured": true,
        "reason": "",
        "image": "/tmp/tmpwydmxtgg-task12-base/_runtime/.checkpoints/sbx_task12_default_stub_path/latest",
        "imageMB": 0,
        "pid": 26,
        "fds": 3,
        "exe": "/bin/dash",
        "argv": [
          "/bin/sh",
          "-c",
          "d=$(pwd); i=0; while true; do i=$((i+1)); printf \"%s\" \"$i\" > \"$d/tick.tmp\"; mv \"$d/tick.tmp\" \"$d/tick\"; sleep 0.2; done"
        ]
      },
      "counterAtCapture": 1,
      "restore": {
        "restored": true,
        "reason": "",
        "pid": 47,
        "child_id": 1,
        "unrecoveredFdCount": 3
      },
      "restoredProcBefore": {
        "pid": 47,
        "exists": true,
        "state": "S",
        "cwd": "/"
      },
      "execAfterRestore": [
        0,
        "restored-ok\n",
        ""
      ],
      "counterAfterRestore": 2,
      "restoredProcAfter": {
        "pid": 47,
        "exists": true,
        "state": "S",
        "cwd": "/"
      },
      "stubVisibleInGuest": [
        0,
        "-rwxr-xr-x 1 0 0 9688 Sep 26 12:29 /usr/local/lib/python3.14/site-packages/sandlock/bin/restore-stub\n",
        ""
      ]
    },
    {
      "label": "stub-relocated-outside-the-tree",
      "sandboxId": "sbx_task12_stub_relocated_outside_the_tree",
      "stubOverride": "/tmp/tmpwydmxtgg-task12-base/outside-the-sandbox-tree/restore-stub",
      "image": "/tmp/tmpwydmxtgg-task12-base/_runtime/.checkpoints/sbx_task12_stub_relocated_outside_the_tree/latest",
      "capture": {
        "captured": true,
        "reason": "",
        "image": "/tmp/tmpwydmxtgg-task12-base/_runtime/.checkpoints/sbx_task12_stub_relocated_outside_the_tree/latest",
        "imageMB": 0,
        "pid": 73,
        "fds": 3,
        "exe": "/bin/dash",
        "argv": [
          "/bin/sh",
          "-c",
          "d=$(pwd); i=0; while true; do i=$((i+1)); printf \"%s\" \"$i\" > \"$d/tick.tmp\"; mv \"$d/tick.tmp\" \"$d/tick\"; sleep 0.2; done"
        ]
      },
      "counterAtCapture": 1,
      "restore": {
        "restored": true,
        "reason": "",
        "pid": 94,
        "child_id": 1,
        "unrecoveredFdCount": 3
      },
      "restoredProcBefore": {
        "pid": 94,
        "exists": true,
        "state": "R",
        "cwd": "/"
      },
      "execAfterRestore": [
        0,
        "restored-ok\n",
        ""
      ],
      "counterAfterRestore": 2,
      "restoredProcAfter": {
        "pid": 94,
        "exists": true,
        "state": "t",
        "cwd": "/"
      },
      "stubVisibleInGuest": [
        2,
        "",
        "ls: cannot access '/tmp/tmpwydmxtgg-task12-base/outside-the-sandbox-tree/restore-stub': No such file or directory\n"
      ]
    }
  ],
  "negativeControl": {
    "label": "absent-stub-path",
    "sandboxId": "sbx_task12_absent_stub_path",
    "stubOverride": "/workspace/tmp/k0s/task12/absent-restore-stub",
    "image": "/tmp/tmpwydmxtgg-task12-base/_runtime/.checkpoints/sbx_task12_absent_stub_path/latest",
    "capture": {
      "captured": true,
      "reason": "",
      "image": "/tmp/tmpwydmxtgg-task12-base/_runtime/.checkpoints/sbx_task12_absent_stub_path/latest",
      "imageMB": 0,
      "pid": 119,
      "fds": 4,
      "exe": "/bin/dash",
      "argv": [
        "/bin/sh",
        "-c",
        "d=$(pwd); i=0; while true; do i=$((i+1)); printf \"%s\" \"$i\" > \"$d/tick.tmp\"; mv \"$d/tick.tmp\" \"$d/tick\"; sleep 0.2; done"
      ]
    },
    "counterAtCapture": 1,
    "restore": {
      "restored": false,
      "reason": "instance restore failed: process error: child process error: restore-stub was not built (/workspace/tmp/k0s/task12/absent-restore-stub); a C compiler is required to build sandlock with checkpoint restore",
      "pid": null,
      "child_id": null,
      "unrecoveredFdCount": null
    },
    "restoredProcBefore": null,
    "execAfterRestore": null,
    "counterAfterRestore": null,
    "restoredProcAfter": null,
    "stubVisibleInGuest": null
  },
  "verdict": "恢复成立（1 (synthesized root + real root)）：[default-stub-path] image=0 MiB pid 26 exe '/bin/dash' argv ['/bin/sh', '-c', 'd=$(pwd); i=0; while true; do i=$((i+1)); printf \"%s\" \"$i\" > \"$d/tick.tmp\"; mv \"$d/tick.tmp\" \"$d/tick\"; sleep 0.2; done'] → 新 session pid 47 (child 1)，恢复后 exec rc=0，计数器 1 → 2，未恢复 fd 3 个；stub 在沙箱里看得见（rc=0）；[stub-relocated-outside-the-tree] image=0 MiB pid 73 exe '/bin/dash' argv ['/bin/sh', '-c', 'd=$(pwd); i=0; while true; do i=$((i+1)); printf \"%s\" \"$i\" > \"$d/tick.tmp\"; mv \"$d/tick.tmp\" \"$d/tick\"; sleep 0.2; done'] → 新 session pid 94 (child 1)，恢复后 exec rc=0，计数器 1 → 2，未恢复 fd 3 个；stub 在沙箱里看不见（rc=2）；负对照（把 SANDLOCK_RESTORE_STUB 指到一个不存在的路径）被显式拒绝：'instance restore failed: process error: child process error: restore-stub was not built (/workspace/tmp/k0s/task12/absent-restore-stub); a C compiler is required to build sandlock with checkpoint restore'"
}
--- e2b log (synth-realroot1) ---
INFO envd_service.route_b: route-B slot sbx_task12_default_stub_path leased uid 1000 (sandbox sbx_task12_default_stub_path, instance pid 24)
INFO envd_service.executors.sandlock: route-B instance ready sandbox_id=sbx_task12_default_stub_path instance_name=sbx_task12_default_stub_path uid=1000 slot=sbx_task12_default_stub_path channel=fd-handoff(pid 11) guest-uid=uid-0-in-userns
INFO envd_service.executors.sandlock: sandbox_id=sbx_task12_default_stub_path pushed-append wiring: sink=False slot_events=True
INFO envd_service.executors.sandlock: sandlock instance created sandbox_id=sbx_task12_default_stub_path instance_name=sbx_task12_default_stub_path max_memory=512M max_processes=64 chroot=yes
INFO envd_service.runtime.checkpoint_store: sandbox sbx_task12_default_stub_path: checkpoint image written to /tmp/tmpwydmxtgg-task12-base/_runtime/.checkpoints/sbx_task12_default_stub_path/latest (0 MiB, pid 26, 3 fd(s), captured /bin/dash ['/bin/sh', '-c', 'd=$(pwd); i=0; while true; do i=$((i+1)); printf "%s" "$i" > "$d/tick.tmp"; mv "$d/tick.tmp" "$d/tick"; sleep 0.2; done']); the platform account now holds 0 MiB of an unlimited budget
INFO envd_service.executors.sandlock: sandlock instance closed sandbox_id=sbx_task12_default_stub_path instance_name=sbx_task12_default_stub_path
INFO envd_service.route_b: route-B slot sbx_task12_default_stub_path released uid 1000
INFO envd_service.route_b: route-B slot sbx_task12_default_stub_path leased uid 1000 (sandbox sbx_task12_default_stub_path, instance pid 45)
INFO envd_service.executors.sandlock: route-B instance ready sandbox_id=sbx_task12_default_stub_path instance_name=sbx_task12_default_stub_path uid=1000 slot=sbx_task12_default_stub_path channel=fd-handoff(pid 32) guest-uid=uid-0-in-userns
INFO envd_service.executors.sandlock: sandbox_id=sbx_task12_default_stub_path pushed-append wiring: sink=False slot_events=True
INFO envd_service.executors.sandlock: sandlock instance created sandbox_id=sbx_task12_default_stub_path instance_name=sbx_task12_default_stub_path max_memory=512M max_processes=64 chroot=yes
INFO envd_service.runtime.checkpoint_store: sandbox sbx_task12_default_stub_path: resumed /tmp/tmpwydmxtgg-task12-base/_runtime/.checkpoints/sbx_task12_default_stub_path/latest into the session (child 1, pid 47); 3 fd(s) could not come back (sockets/pipes/memfds): [{'fd': 0, 'path': 'pipe:[26509625]'}, {'fd': 1, 'path': 'pipe:[26509626]'}, {'fd': 2, 'path': 'pipe:[26509627]'}]
INFO envd_service.executors.sandlock: sandlock instance closed sandbox_id=sbx_task12_default_stub_path instance_name=sbx_task12_default_stub_path
INFO envd_service.route_b: route-B slot sbx_task12_default_stub_path released uid 1000
INFO envd_service.route_b: route-B slot sbx_task12_stub_relocated_outside_the_tree leased uid 1000 (sandbox sbx_task12_stub_relocated_outside_the_tree, instance pid 71)
INFO envd_service.executors.sandlock: route-B instance ready sandbox_id=sbx_task12_stub_relocated_outside_the_tree instance_name=sbx_task12_stub_relocated_outside_the_tree uid=1000 slot=sbx_task12_stub_relocated_outside_the_tree channel=fd-handoff(pid 58) guest-uid=uid-0-in-userns
INFO envd_service.executors.sandlock: sandbox_id=sbx_task12_stub_relocated_outside_the_tree pushed-append wiring: sink=False slot_events=True
INFO envd_service.executors.sandlock: sandlock instance created sandbox_id=sbx_task12_stub_relocated_outside_the_tree instance_name=sbx_task12_stub_relocated_outside_the_tree max_memory=512M max_processes=64 chroot=yes
INFO envd_service.runtime.checkpoint_store: sandbox sbx_task12_stub_relocated_outside_the_tree: checkpoint image written to /tmp/tmpwydmxtgg-task12-base/_runtime/.checkpoints/sbx_task12_stub_relocated_outside_the_tree/latest (0 MiB, pid 73, 3 fd(s), captured /bin/dash ['/bin/sh', '-c', 'd=$(pwd); i=0; while true; do i=$((i+1)); printf "%s" "$i" > "$d/tick.tmp"; mv "$d/tick.tmp" "$d/tick"; sleep 0.2; done']); the platform account now holds 0 MiB of an unlimited budget
INFO envd_service.executors.sandlock: sandlock instance closed sandbox_id=sbx_task12_stub_relocated_outside_the_tree instance_name=sbx_task12_stub_relocated_outside_the_tree
INFO envd_service.route_b: route-B slot sbx_task12_stub_relocated_outside_the_tree released uid 1000
INFO envd_service.route_b: route-B slot sbx_task12_stub_relocated_outside_the_tree leased uid 1000 (sandbox sbx_task12_stub_relocated_outside_the_tree, instance pid 92)
INFO envd_service.executors.sandlock: route-B instance ready sandbox_id=sbx_task12_stub_relocated_outside_the_tree instance_name=sbx_task12_stub_relocated_outside_the_tree uid=1000 slot=sbx_task12_stub_relocated_outside_the_tree channel=fd-handoff(pid 79) guest-uid=uid-0-in-userns
INFO envd_service.executors.sandlock: sandbox_id=sbx_task12_stub_relocated_outside_the_tree pushed-append wiring: sink=False slot_events=True
INFO envd_service.executors.sandlock: sandlock instance created sandbox_id=sbx_task12_stub_relocated_outside_the_tree instance_name=sbx_task12_stub_relocated_outside_the_tree max_memory=512M max_processes=64 chroot=yes
INFO envd_service.runtime.checkpoint_store: sandbox sbx_task12_stub_relocated_outside_the_tree: resumed /tmp/tmpwydmxtgg-task12-base/_runtime/.checkpoints/sbx_task12_stub_relocated_outside_the_tree/latest into the session (child 1, pid 94); 3 fd(s) could not come back (sockets/pipes/memfds): [{'fd': 0, 'path': 'pipe:[26504055]'}, {'fd': 1, 'path': 'pipe:[26504056]'}, {'fd': 2, 'path': 'pipe:[26504057]'}]
INFO envd_service.executors.sandlock: sandlock instance closed sandbox_id=sbx_task12_stub_relocated_outside_the_tree instance_name=sbx_task12_stub_relocated_outside_the_tree
INFO envd_service.route_b: route-B slot sbx_task12_stub_relocated_outside_the_tree released uid 1000
INFO envd_service.route_b: route-B slot sbx_task12_absent_stub_path leased uid 1000 (sandbox sbx_task12_absent_stub_path, instance pid 117)
INFO envd_service.executors.sandlock: route-B instance ready sandbox_id=sbx_task12_absent_stub_path instance_name=sbx_task12_absent_stub_path uid=1000 slot=sbx_task12_absent_stub_path channel=fd-handoff(pid 104) guest-uid=uid-0-in-userns
INFO envd_service.executors.sandlock: sandbox_id=sbx_task12_absent_stub_path pushed-append wiring: sink=False slot_events=True
INFO envd_service.executors.sandlock: sandlock instance created sandbox_id=sbx_task12_absent_stub_path instance_name=sbx_task12_absent_stub_path max_memory=512M max_processes=64 chroot=yes
INFO envd_service.runtime.checkpoint_store: sandbox sbx_task12_absent_stub_path: checkpoint image written to /tmp/tmpwydmxtgg-task12-base/_runtime/.checkpoints/sbx_task12_absent_stub_path/latest (0 MiB, pid 119, 4 fd(s), captured /bin/dash ['/bin/sh', '-c', 'd=$(pwd); i=0; while true; do i=$((i+1)); printf "%s" "$i" > "$d/tick.tmp"; mv "$d/tick.tmp" "$d/tick"; sleep 0.2; done']); the platform account now holds 0 MiB of an unlimited budget
INFO envd_service.executors.sandlock: sandlock instance closed sandbox_id=sbx_task12_absent_stub_path instance_name=sbx_task12_absent_stub_path
INFO envd_service.route_b: route-B slot sbx_task12_absent_stub_path released uid 1000
INFO envd_service.route_b: route-B slot sbx_task12_absent_stub_path leased uid 1000 (sandbox sbx_task12_absent_stub_path, instance pid 138)
INFO envd_service.executors.sandlock: route-B instance ready sandbox_id=sbx_task12_absent_stub_path instance_name=sbx_task12_absent_stub_path uid=1000 slot=sbx_task12_absent_stub_path channel=fd-handoff(pid 125) guest-uid=uid-0-in-userns
INFO envd_service.executors.sandlock: sandbox_id=sbx_task12_absent_stub_path pushed-append wiring: sink=False slot_events=True
INFO envd_service.executors.sandlock: sandlock instance created sandbox_id=sbx_task12_absent_stub_path instance_name=sbx_task12_absent_stub_path max_memory=512M max_processes=64 chroot=yes
WARNING envd_service.executors.sandlock: restore refused for sandbox sbx_task12_absent_stub_path: instance restore failed: process error: child process error: restore-stub was not built (/workspace/tmp/k0s/task12/absent-restore-stub); a C compiler is required to build sandlock with checkpoint restore
WARNING envd_service.runtime.checkpoint_store: sandbox sbx_task12_absent_stub_path: checkpoint image /tmp/tmpwydmxtgg-task12-base/_runtime/.checkpoints/sbx_task12_absent_stub_path/latest was not resumed: instance restore failed: process error: child process error: restore-stub was not built (/workspace/tmp/k0s/task12/absent-restore-stub); a C compiler is required to build sandlock with checkpoint restore
INFO envd_service.executors.sandlock: sandlock instance closed sandbox_id=sbx_task12_absent_stub_path instance_name=sbx_task12_absent_stub_path
INFO envd_service.route_b: route-B slot sbx_task12_absent_stub_path released uid 1000
