$ docker run --rm --init --network host --cap-drop ALL --cap-add {SYS_ADMIN,SYS_PTRACE,NET_BIND_SERVICE,NET_RAW,SYS_CHROOT,CHOWN,DAC_OVERRIDE,FOWNER,FSETID,KILL,SETGID,SETUID,SETPCAP,AUDIT_WRITE,SETFCAP,NET_ADMIN} \
    --security-opt seccomp=/Users/polus/project/ai/sandlock-e2b/deploy/seccomp/sandlock-worker.json --security-opt apparmor=unconfined \
    -e E2B_HOST_PROJECT=$(pwd) -e E2B_BASE_IMAGE= -e E2B_REGISTRY_MIRRORS=registry-1.docker.io=127.0.0.1:5080 \
    -v $HOME/.orbstack/run/docker.sock:/var/run/docker.sock -v $(pwd):/workspace -w /workspace \
    e2b-sandlock-test:task10cur python tmp/k0s/task10/probe-two-states-overshoot.py

test-runner: no /dev/loop-control: XFS gates unavailable
shape [identity] pure_rootfs='off' real_root='0' has_sandbox_root=False chroot_root=/ synthetic_rootfs=None
shape [synth-realroot] pure_rootfs='synth' real_root='1' has_sandbox_root=True chroot_root=/tmp/tmpdw68fbvl-pure-rootfs/sbx_slot_1 synthetic_rootfs=/tmp/tmpdw68fbvl-pure-rootfs/sbx_slot_1

export=/var/lib/e2b-test-runtime/task10-overshoot/export

identity        pwd                                = [0, '/var/lib/e2b-test-runtime/task10-overshoot/export/workspaces/sbx_probe\n', '']
synth-realroot  pwd                                = [0, '/home/user\n', '']

identity        cat /proc/kcore                    = [1, '', 'cat: /proc/kcore: Permission denied\n']
synth-realroot  cat /proc/kcore                    = [1, '', 'cat: /proc/kcore: Permission denied\n']

identity        ls /sys                            = [2, '', "ls: cannot access '/sys': Permission denied\n"]
synth-realroot  ls /sys                            = [2, '', "ls: cannot access '/sys': Permission denied\n"]

identity        ls ../..                           = [0, 'state\nworkspaces\n', '']
synth-realroot  ls ../..                           = [0, 'bin\ndev\netc\nhome\nlib\nlib64\nmedia\nmnt\nopt\nproc\nroot\nrun\nsbin\nsrv\ntmp\nusr\nvar\nworkspace\n', '']

identity        stat ../../state                   = [1, '', "stat: cannot statx '../../state': Permission denied\n"]
synth-realroot  stat ../../state                   = [1, '', "stat: cannot statx '../../state': Permission denied\n"]

identity        cat ../../state/sbx_probe/secret   = [1, '', 'cat: ../../state/sbx_probe/secret: Permission denied\n']
synth-realroot  cat ../../state/sbx_probe/secret   = [1, '', 'cat: ../../state/sbx_probe/secret: Permission denied\n']

identity        stat ../../workspaces/sbx_other    = [1, '', "stat: cannot statx '../../workspaces/sbx_other': Permission denied\n"]
synth-realroot  stat ../../workspaces/sbx_other    = [1, '', "stat: cannot statx '../../workspaces/sbx_other': No such file or directory\n"]

measured=identity,synth-realroot failed=- commands=7 states=2 diffs=3
rc=0
