test-runner: no /dev/loop-control: XFS gates unavailable
........................................................................ [  3%]
........................................................................ [  7%]
........................................................................ [ 10%]
.....s.................................................................. [ 14%]
........................................................................ [ 17%]
........................................................................ [ 21%]
...............xxx...............................s...................... [ 25%]
........................................................................ [ 28%]
........................................................................ [ 32%]
.........s.............................................................. [ 35%]
........................................................................ [ 39%]
........................................................................ [ 42%]
........................................................................ [ 46%]
........................................................................ [ 50%]
........................................................................ [ 53%]
........................................................................ [ 57%]
........................................................................ [ 60%]
........................................................................ [ 64%]
........................................................................ [ 67%]
........................................................................ [ 71%]
........................................................................ [ 75%]
........................................................................ [ 78%]
........................................................................ [ 82%]
........................................................................ [ 85%]
.........................................................s.............. [ 89%]
........................................................................ [ 92%]
.......................sssss..............s............................. [ 96%]
........................................................................ [100%]
=============================== warnings summary ===============================
tests/contract/test_command_logs.py: 12 warnings
tests/contract/test_connect_protocol.py: 3 warnings
tests/contract/test_control_plane.py: 3 warnings
tests/contract/test_create_queue_api.py: 17 warnings
tests/contract/test_delete_trusted_targets.py: 3 warnings
tests/contract/test_envd_http.py: 7 warnings
tests/contract/test_filesystem_rpc.py: 3 warnings
tests/contract/test_idle_activity.py: 3 warnings
tests/contract/test_mcp_gateway_failure.py: 32 warnings
tests/contract/test_mcp_gateway_keepalive.py: 93 warnings
tests/contract/test_mcp_netns.py: 76 warnings
tests/contract/test_mcp_port_reuse.py: 3 warnings
tests/contract/test_memory_quota_boxed.py: 455 warnings
tests/contract/test_memory_quota_gateway_command.py: 153 warnings
tests/contract/test_migration.py: 128 warnings
tests/contract/test_multinode.py: 20 warnings
tests/contract/test_network_api.py: 50 warnings
tests/contract/test_node_partition_reconcile.py: 5 warnings
tests/contract/test_nonroot_route_b.py: 10 warnings
tests/contract/test_orphan_tree_gc.py: 230 warnings
tests/contract/test_pause_resume_metrics_logs.py: 3 warnings
tests/contract/test_pause_resume_quota.py: 17 warnings
tests/contract/test_pause_resume_sandlock.py: 77 warnings
tests/contract/test_pause_resume_sandlock_multinode.py: 222 warnings
tests/contract/test_pause_write_gating.py: 19 warnings
tests/contract/test_pty_sandlock.py: 9 warnings
tests/contract/test_redis_multireplica_e2e.py: 42 warnings
tests/contract/test_resource_create_limits.py: 14 warnings
tests/contract/test_route_b_executor.py: 47 warnings
tests/contract/test_route_b_slot_pool.py: 5 warnings
tests/contract/test_scaling.py: 14 warnings
tests/contract/test_secrets.py: 9 warnings
tests/contract/test_server_keepalive.py: 275 warnings
tests/contract/test_server_port_reservation.py: 2 warnings
tests/contract/test_shared_volume_relative_cwd.py: 12 warnings
tests/contract/test_size_limits.py: 9 warnings
tests/contract/test_snapshots.py: 207 warnings
tests/contract/test_teardown_failure_semantics.py: 39 warnings
tests/contract/test_template_build_limits.py: 2 warnings
tests/contract/test_template_upload.py: 18 warnings
tests/contract/test_tenant_isolation.py: 23 warnings
tests/contract/test_tls.py: 24 warnings
tests/contract/test_uid_permissions.py: 9 warnings
tests/contract/test_volumes.py: 42 warnings
tests/perf/test_latency.py: 137 warnings
tests/sdk/js/test_js_sdk.py: 135 warnings
tests/sdk/python/test_commands.py: 141 warnings
tests/sdk/python/test_features.py: 17 warnings
tests/sdk/python/test_files.py: 18 warnings
tests/sdk/python/test_mcp.py: 57 warnings
tests/sdk/python/test_multinode.py: 82 warnings
tests/sdk/python/test_pty.py: 1 warning
tests/sdk/python/test_sandbox.py: 15 warnings
tests/sdk/python/test_shared_volumes.py: 50 warnings
tests/sdk/python/test_snapshots.py: 11 warnings
tests/sdk/python/test_stdin.py: 6 warnings
tests/sdk/python/test_templates.py: 2374 warnings
tests/security/escape/test_network_deny_bypass.py: 3 warnings
tests/security/escape/test_path_surface_inotify.py: 245 warnings
tests/security/test_chroot_exec_shebang.py: 716 warnings
tests/security/test_egress_proxy.py: 34 warnings
tests/security/test_fork_network_features.py: 90 warnings
tests/security/test_network_enforcement.py: 83 warnings
tests/security/test_process_limits.py: 951 warnings
tests/security/test_pure_root_errno_contract.py: 3 warnings
tests/security/test_quota_admission.py: 1900 warnings
tests/security/test_real_root_denials.py: 109 warnings
tests/security/test_real_root_mounts.py: 96 warnings
tests/security/test_sandlock_isolation.py: 113 warnings
tests/security/test_template_isolation.py: 346 warnings
tests/security/test_traversal_and_ids.py: 9 warnings
tests/security/test_uid_isolation.py: 10 warnings
tests/security/test_worker_nonroot.py: 893 warnings
tests/unit/test_agent_checkpoint_restore.py: 13 warnings
tests/unit/test_agent_create_sandbox_auth.py: 25 warnings
tests/unit/test_agent_pause_resume.py: 15 warnings
tests/unit/test_brief_stat.py: 3 warnings
tests/unit/test_checkpoint_restore_unused.py: 3 warnings
tests/unit/test_control_plane_network_local.py: 10 warnings
tests/unit/test_control_plane_network_remote.py: 28 warnings
tests/unit/test_controlplane_local_node_quota.py: 2 warnings
tests/unit/test_cp_state_base.py: 3 warnings
tests/unit/test_create_queue.py: 1 warning
tests/unit/test_dir_ledger.py: 14 warnings
tests/unit/test_env_file_permissions_guard.py: 8 warnings
tests/unit/test_eviction_execution.py: 2 warnings
tests/unit/test_eviction_selector.py: 2 warnings
tests/unit/test_executor_factory_sandlock_health.py: 1 warning
tests/unit/test_executor_update_network.py: 1 warning
tests/unit/test_filesystem_ops.py: 2 warnings
tests/unit/test_gateway.py: 175 warnings
tests/unit/test_image_cache_sharing.py: 329 warnings
tests/unit/test_image_rootfs_cache_split.py: 2 warnings
tests/unit/test_k0s_secrets_script.py: 149 warnings
tests/unit/test_mcp_gateway.py: 45 warnings
tests/unit/test_migrate_state_base_script.py: 87 warnings
tests/unit/test_migrate_tenants.py: 3 warnings
tests/unit/test_migration_volume_quota.py: 2 warnings
tests/unit/test_node_health_sweep.py: 2 warnings
tests/unit/test_node_registry.py: 7 warnings
tests/unit/test_oci_registry.py: 132 warnings
tests/unit/test_pause_quota.py: 14 warnings
tests/unit/test_priv_helpers.py: 2 warnings
tests/unit/test_process_command_lock.py: 13 warnings
tests/unit/test_process_pause_fallback.py: 1 warning
tests/unit/test_pure_rootfs_shape.py: 2 warnings
tests/unit/test_pushed_append_accounting.py: 1 warning
tests/unit/test_quota_agent_server.py: 15 warnings
tests/unit/test_quota_agent_startup_race.py: 151 warnings
tests/unit/test_quota_maintenance.py: 11 warnings
tests/unit/test_ratelimit.py: 1 warning
tests/unit/test_real_root_gate.py: 4 warnings
tests/unit/test_record_namespace_isolation.py: 11 warnings
tests/unit/test_redis_multireplica.py: 193 warnings
tests/unit/test_registry_dirty_snapshot.py: 2 warnings
tests/unit/test_remote_pause_delivery.py: 177 warnings
tests/unit/test_rotate_secret_master_script.py: 339 warnings
tests/unit/test_route_b_event_pump.py: 4 warnings
tests/unit/test_route_b_wiring.py: 10 warnings
tests/unit/test_sandbox_activity.py: 4 warnings
tests/unit/test_sandbox_disk_enforcement.py: 4 warnings
tests/unit/test_sandbox_registry.py: 37 warnings
tests/unit/test_sandlock_executor_instance.py: 2 warnings
tests/unit/test_sandlock_executor_route_b.py: 9 warnings
tests/unit/test_seccomp_selfcheck.py: 1 warning
tests/unit/test_shared_volume_traversal.py: 1 warning
tests/unit/test_snapshot_registry.py: 1 warning
tests/unit/test_state_base_call_sites.py: 1 warning
tests/unit/test_tenant_registry.py: 4 warnings
tests/unit/test_ttl.py: 6 warnings
tests/unit/test_uid_authority.py: 3 warnings
tests/unit/test_uid_pool.py: 2 warnings
tests/unit/test_upgrade_digest_validation.py: 10 warnings
tests/unit/test_upgrade_quota_agent_profile.py: 9 warnings
tests/unit/test_volume_quota.py: 29 warnings
tests/unit/test_volume_registry.py: 3 warnings
tests/unit/test_watch.py: 1 warning
tests/unit/test_worker_image_warm.py: 2 warnings
tests/unit/test_worker_manifest_permissions.py: 1 warning
tests/unit/test_xfs_project_quota_agent.py: 22 warnings
tests/unit/test_xfs_quota.py: 2 warnings
tests/unit/test_xfs_quotactl_backend.py: 98 warnings
  /usr/local/lib/python3.14/asyncio/threads.py:26: DeprecationWarning: 'asyncio.iscoroutinefunction' is deprecated and slated for removal in Python 3.16; use inspect.iscoroutinefunction() instead
    return await loop.run_in_executor(None, func_call)

-- Docs: https://docs.pytest.org/en/stable/how-to/capture-warnings.html
=========================== short test summary info ============================
SKIPPED [1] tests/contract/test_pure_shape_workspace_ownership.py:128: pure-sandlock contract requires an empty E2B_BASE_IMAGE (gate B shape)
SKIPPED [1] tests/security/test_template_isolation.py:169: the unprivileged worker shape both production manifests ship
SKIPPED [1] ../Users/polus/project/ai/sandlock-e2b/tests/unit/test_dir_ledger.py:282: root can read a 0000 directory
SKIPPED [1] tests/unit/test_uid_pool.py:469: the non-root worker shape cannot be asserted as root
SKIPPED [1] ../Users/polus/project/ai/sandlock-e2b/tests/unit/test_worker_manifest_permissions.py:614: kubectl needed to render the kustomize overlay
SKIPPED [1] ../Users/polus/project/ai/sandlock-e2b/tests/unit/test_worker_manifest_permissions.py:669: kubectl needed to render the kustomize overlay
SKIPPED [1] ../Users/polus/project/ai/sandlock-e2b/tests/unit/test_worker_manifest_permissions.py:704: kubectl needed to render the kustomize overlay
SKIPPED [1] ../Users/polus/project/ai/sandlock-e2b/tests/unit/test_worker_manifest_permissions.py:785: kubectl needed to render the kustomize overlay
SKIPPED [1] ../Users/polus/project/ai/sandlock-e2b/tests/unit/test_worker_manifest_permissions.py:868: kubectl needed to render the kustomize overlay
SKIPPED [1] ../Users/polus/project/ai/sandlock-e2b/tests/unit/test_worker_manifest_permissions.py:1390: kubectl needed to render the kustomize overlay
XFAIL tests/security/test_chroot_exec_shebang.py::test_shebang_script_written_into_the_workspace_runs - N35: refused without a real root (EACCES/ETXTBSY) -- docs/chroot-workspace-exec.md
XFAIL tests/security/test_chroot_exec_shebang.py::test_script_whose_interpreter_was_written_in_the_same_command_runs - N35: a workspace-resident interpreter is refused without a real root -- docs/chroot-workspace-exec.md
XFAIL tests/security/test_chroot_exec_shebang.py::test_a_format_handler_resolves_its_interpreter_inside_the_sandbox - N35: a format handler's interpreter is resolved in the host's path space without a real root -- docs/chroot-workspace-exec.md
2003 passed, 10 skipped, 3 xfailed, 13360 warnings in 513.69s (0:08:33)
