test-runner: no /dev/loop-control: XFS gates unavailable
....x.xxx..............................s........                         [100%]
=============================== warnings summary ===============================
tests/security/test_fork_network_features.py: 31 warnings
tests/security/test_network_enforcement.py: 39 warnings
tests/security/test_process_limits.py: 5 warnings
tests/security/test_quota_admission.py: 312 warnings
tests/security/test_real_root_denials.py: 13 warnings
tests/security/test_real_root_mounts.py: 8 warnings
tests/security/test_sandlock_isolation.py: 17 warnings
tests/security/test_template_isolation.py: 45 warnings
tests/security/test_worker_nonroot.py: 163 warnings
  /usr/local/lib/python3.14/asyncio/threads.py:26: DeprecationWarning: 'asyncio.iscoroutinefunction' is deprecated and slated for removal in Python 3.16; use inspect.iscoroutinefunction() instead
    return await loop.run_in_executor(None, func_call)

-- Docs: https://docs.pytest.org/en/stable/how-to/capture-warnings.html
=========================== short test summary info ============================
SKIPPED [1] tests/security/test_template_isolation.py:164: the unprivileged worker shape both production manifests ship
XFAIL tests/security/escape/test_path_surface_inotify.py::test_pure_shape_inotify_still_reaches_the_host_root - known residual: the pure (no-chroot) shape has no path mediation at all -- Landlock is its only barrier and it has no access right for inotify -- so the watch still resolves against the host root there
XFAIL tests/security/test_chroot_exec_shebang.py::test_shebang_script_written_into_the_workspace_runs - N35: refused without a real root (EACCES/ETXTBSY) -- docs/chroot-workspace-exec.md
XFAIL tests/security/test_chroot_exec_shebang.py::test_script_whose_interpreter_was_written_in_the_same_command_runs - N35: a workspace-resident interpreter is refused without a real root -- docs/chroot-workspace-exec.md
XFAIL tests/security/test_chroot_exec_shebang.py::test_a_format_handler_resolves_its_interpreter_inside_the_sandbox - N35: a format handler's interpreter is resolved in the host's path space without a real root -- docs/chroot-workspace-exec.md
43 passed, 1 skipped, 4 xfailed, 633 warnings in 144.68s (0:02:24)
