   Compiling sandlock-core v0.9.0-beta (/src/third_party/sandlock/crates/sandlock-core)
warning: unused import: `crate::seccomp::syscall::syscall_name_to_nr`
  --> crates/sandlock-core/src/sys/path_surface.rs:46:5
   |
46 | use crate::seccomp::syscall::syscall_name_to_nr;
   |     ^^^^^^^^^^^^^^^^^^^^^^^^^^^^^^^^^^^^^^^^^^^
   |
   = note: `#[warn(unused_imports)]` (part of `#[warn(unused)]`) on by default

warning: unnecessary `unsafe` block
   --> crates/sandlock-core/src/checkpoint/noexec.rs:230:9
    |
136 |     unsafe {
    |     ------ because it's nested under this `unsafe` block
...
230 |         unsafe {
    |         ^^^^^^ unnecessary `unsafe` block
    |
    = note: `#[warn(unused_unsafe)]` (part of `#[warn(unused)]`) on by default

warning: enum `Disposition` is never used
  --> crates/sandlock-core/src/sys/path_surface.rs:50:17
   |
50 | pub(crate) enum Disposition {
   |                 ^^^^^^^^^^^
   |
   = note: `#[warn(dead_code)]` (part of `#[warn(unused)]`) on by default

warning: constant `MEDIATED_PATH_SYSCALLS` is never used
  --> crates/sandlock-core/src/sys/path_surface.rs:67:18
   |
67 | pub(crate) const MEDIATED_PATH_SYSCALLS: &[&str] = &[
   |                  ^^^^^^^^^^^^^^^^^^^^^^

warning: constant `MEDIATED_PATH_SYSCALLS_PER_ABI` is never used
   --> crates/sandlock-core/src/sys/path_surface.rs:129:18
    |
129 | pub(crate) const MEDIATED_PATH_SYSCALLS_PER_ABI: &[(&str, fn() -> Option<i64>)] = &[
    |                  ^^^^^^^^^^^^^^^^^^^^^^^^^^^^^^

warning: constant `UNMEDIATED_PATH_TAKING` is never used
   --> crates/sandlock-core/src/sys/path_surface.rs:153:18
    |
153 | pub(crate) const UNMEDIATED_PATH_TAKING: &[(&str, Disposition)] = &[
    |                  ^^^^^^^^^^^^^^^^^^^^^^

warning: constant `UNMEDIATED_PATH_TAKING_ABI_SPECIFIC` is never used
   --> crates/sandlock-core/src/sys/path_surface.rs:292:18
    |
292 | pub(crate) const UNMEDIATED_PATH_TAKING_ABI_SPECIFIC: &[&str] =
    |                  ^^^^^^^^^^^^^^^^^^^^^^^^^^^^^^^^^^^

warning: constant `PURE_LANDLOCK_GATED` is never used
   --> crates/sandlock-core/src/sys/path_surface.rs:315:18
    |
315 | pub(crate) const PURE_LANDLOCK_GATED: &[&str] = &[
    |                  ^^^^^^^^^^^^^^^^^^^

warning: constant `PURE_GATED_ELSEWHERE` is never used
   --> crates/sandlock-core/src/sys/path_surface.rs:333:18
    |
333 | pub(crate) const PURE_GATED_ELSEWHERE: &[(&str, &str)] = &[
    |                  ^^^^^^^^^^^^^^^^^^^^

warning: constant `PURE_UNGATED` is never used
   --> crates/sandlock-core/src/sys/path_surface.rs:364:18
    |
364 | pub(crate) const PURE_UNGATED: &[(&str, &str)] = &[
    |                  ^^^^^^^^^^^^

warning: constant `NON_PATH_SYSCALLS` is never used
   --> crates/sandlock-core/src/sys/path_surface.rs:409:18
    |
409 | pub(crate) const NON_PATH_SYSCALLS: &[&str] = &[
    |                  ^^^^^^^^^^^^^^^^^

warning: `sandlock-core` (lib) generated 11 warnings (run `cargo fix --lib -p sandlock-core` to apply 1 suggestion)
warning: function `net_admin_available` is never used
   --> crates/sandlock-core/tests/integration/net_fixture.rs:136:8
    |
136 | pub fn net_admin_available() -> bool {
    |        ^^^^^^^^^^^^^^^^^^^
    |
    = note: `#[warn(dead_code)]` (part of `#[warn(unused)]`) on by default

warning: `sandlock-core` (test "integration") generated 1 warning
    Finished `test` profile [unoptimized + debuginfo] target(s) in 12.70s
     Running tests/integration.rs (target/debug/deps/integration-38c5e31c88903532)

running 1 test
test test_instance_chroot::test_getcwd_under_a_real_root_is_the_kernels_answer ... FAILED

failures:

---- test_instance_chroot::test_getcwd_under_a_real_root_is_the_kernels_answer stdout ----

thread 'test_instance_chroot::test_getcwd_under_a_real_root_is_the_kernels_answer' (590) panicked at crates/sandlock-core/tests/integration/test_instance_chroot.rs:623:5:
assertion `left == right` failed: the kernel's answer: symlinks resolved, not the spelling the mediator recorded
  left: "OK /alias\n"
 right: "OK /work\n"
note: run with `RUST_BACKTRACE=1` environment variable to display a backtrace


failures:
    test_instance_chroot::test_getcwd_under_a_real_root_is_the_kernels_answer

test result: FAILED. 0 passed; 1 failed; 0 ignored; 0 measured; 558 filtered out; finished in 0.05s

error: test failed, to rerun pass `-p sandlock-core --test integration`
