test-runner: no /dev/loop-control: XFS gates unavailable
....x..................................s........                         [100%]
=============================== warnings summary ===============================
tests/security/test_fork_network_features.py: 31 warnings
tests/security/test_network_enforcement.py: 41 warnings
tests/security/test_process_limits.py: 5 warnings
tests/security/test_quota_admission.py: 316 warnings
tests/security/test_real_root_denials.py: 15 warnings
tests/security/test_real_root_mounts.py: 10 warnings
tests/security/test_sandlock_isolation.py: 17 warnings
tests/security/test_template_isolation.py: 43 warnings
tests/security/test_traversal_and_ids.py: 4 warnings
tests/security/test_worker_nonroot.py: 112 warnings
  /usr/local/lib/python3.14/asyncio/threads.py:26: DeprecationWarning: 'asyncio.iscoroutinefunction' is deprecated and slated for removal in Python 3.16; use inspect.iscoroutinefunction() instead
    return await loop.run_in_executor(None, func_call)

-- Docs: https://docs.pytest.org/en/stable/how-to/capture-warnings.html
=========================== short test summary info ============================
SKIPPED [1] tests/security/test_template_isolation.py:164: the unprivileged worker shape both production manifests ship
XFAIL tests/security/escape/test_path_surface_inotify.py::test_pure_shape_inotify_still_reaches_the_host_root - known residual: the pure (no-chroot) shape has no path mediation at all -- Landlock is its only barrier and it has no access right for inotify -- so the watch still resolves against the host root there
46 passed, 1 skipped, 1 xfailed, 594 warnings in 132.60s (0:02:12)
