test-runner: no /dev/loop-control: XFS gates unavailable
........................................................................ [  3%]
........................................................................ [  7%]
........................................................................ [ 10%]
........s............................................................... [ 14%]
........................................................................ [ 17%]
........................................................................ [ 21%]
..................xxx...............................s................... [ 24%]
........................................................................ [ 28%]
........................................................................ [ 31%]
.........................s.............................................. [ 35%]
........................................................................ [ 38%]
........................................................................ [ 42%]
........................................................................ [ 45%]
........................................................................ [ 49%]
........................................................................ [ 53%]
........................................................................ [ 56%]
........................................................................ [ 60%]
........................................................................ [ 63%]
........................................................................ [ 67%]
........................................................................ [ 70%]
........................................................................ [ 74%]
........................................................................ [ 77%]
........................................................................ [ 81%]
........................................................................ [ 84%]
........................................................................ [ 88%]
....s................................................................... [ 91%]
..........................................sssss..............s.......... [ 95%]
........................................................................ [ 99%]
...................                                                      [100%]
=============================== warnings summary ===============================
tests/contract/test_command_logs.py: 13 warnings
tests/contract/test_connect_protocol.py: 3 warnings
tests/contract/test_control_plane.py: 3 warnings
tests/contract/test_create_queue_api.py: 19 warnings
tests/contract/test_delete_trusted_targets.py: 3 warnings
tests/contract/test_envd_http.py: 4 warnings
tests/contract/test_eviction_api.py: 3 warnings
tests/contract/test_idle_activity.py: 3 warnings
tests/contract/test_internal_tenants.py: 3 warnings
tests/contract/test_mcp_gateway_failure.py: 32 warnings
tests/contract/test_mcp_gateway_keepalive.py: 96 warnings
tests/contract/test_mcp_netns.py: 76 warnings
tests/contract/test_memory_quota_boxed.py: 471 warnings
tests/contract/test_memory_quota_gateway_command.py: 141 warnings
tests/contract/test_migration.py: 132 warnings
tests/contract/test_multinode.py: 15 warnings
tests/contract/test_network_api.py: 52 warnings
tests/contract/test_node_partition_reconcile.py: 10 warnings
tests/contract/test_nonroot_route_b.py: 6 warnings
tests/contract/test_orphan_tree_gc.py: 236 warnings
tests/contract/test_pause_resume_metrics_logs.py: 4 warnings
tests/contract/test_pause_resume_quota.py: 4 warnings
tests/contract/test_pause_resume_sandlock.py: 90 warnings
tests/contract/test_pause_resume_sandlock_multinode.py: 227 warnings
tests/contract/test_pause_write_gating.py: 22 warnings
tests/contract/test_pty_sandlock.py: 6 warnings
tests/contract/test_redis_multireplica_e2e.py: 48 warnings
tests/contract/test_resource_create_limits.py: 4 warnings
tests/contract/test_route_b_executor.py: 55 warnings
tests/contract/test_route_b_slot_pool.py: 1 warning
tests/contract/test_scaling.py: 6 warnings
tests/contract/test_secrets.py: 17 warnings
tests/contract/test_server_keepalive.py: 279 warnings
tests/contract/test_server_port_reservation.py: 3 warnings
tests/contract/test_shared_volume_relative_cwd.py: 3 warnings
tests/contract/test_size_limits.py: 19 warnings
tests/contract/test_snapshots.py: 202 warnings
tests/contract/test_teardown_failure_semantics.py: 38 warnings
tests/contract/test_template_build_limits.py: 4 warnings
tests/contract/test_template_upload.py: 14 warnings
tests/contract/test_tenant_isolation.py: 25 warnings
tests/contract/test_tls.py: 18 warnings
tests/contract/test_uid_permissions.py: 14 warnings
tests/contract/test_volumes.py: 48 warnings
tests/perf/test_latency.py: 129 warnings
tests/sdk/js/test_js_sdk.py: 131 warnings
tests/sdk/python/test_commands.py: 143 warnings
tests/sdk/python/test_features.py: 17 warnings
tests/sdk/python/test_files.py: 29 warnings
tests/sdk/python/test_mcp.py: 57 warnings
tests/sdk/python/test_multinode.py: 84 warnings
tests/sdk/python/test_pty.py: 3 warnings
tests/sdk/python/test_sandbox.py: 12 warnings
tests/sdk/python/test_shared_volumes.py: 44 warnings
tests/sdk/python/test_snapshots.py: 14 warnings
tests/sdk/python/test_stdin.py: 3 warnings
tests/sdk/python/test_templates.py: 1873 warnings
tests/security/escape/test_network_deny_bypass.py: 15 warnings
tests/security/escape/test_path_surface_inotify.py: 256 warnings
tests/security/test_chroot_exec_shebang.py: 1105 warnings
tests/security/test_egress_proxy.py: 31 warnings
tests/security/test_fork_network_features.py: 85 warnings
tests/security/test_network_enforcement.py: 92 warnings
tests/security/test_process_limits.py: 961 warnings
tests/security/test_pure_root_errno_contract.py: 2 warnings
tests/security/test_quota_admission.py: 1881 warnings
tests/security/test_real_root_denials.py: 113 warnings
tests/security/test_real_root_mounts.py: 105 warnings
tests/security/test_sandlock_isolation.py: 109 warnings
tests/security/test_template_isolation.py: 326 warnings
tests/security/test_traversal_and_ids.py: 17 warnings
tests/security/test_uid_isolation.py: 2 warnings
tests/security/test_worker_nonroot.py: 926 warnings
tests/unit/test_agent_checkpoint_restore.py: 15 warnings
tests/unit/test_agent_create_sandbox_auth.py: 29 warnings
tests/unit/test_agent_pause_resume.py: 17 warnings
tests/unit/test_autoscaler_local_backend_shape.py: 2 warnings
tests/unit/test_autoscaler_loop.py: 1 warning
tests/unit/test_brief_stat.py: 3 warnings
tests/unit/test_checkpoint_restore_unused.py: 2 warnings
tests/unit/test_checkpoint_store.py: 1 warning
tests/unit/test_cleanup_plaintext_secrets.py: 2 warnings
tests/unit/test_control_plane_checkpoint_proxy.py: 11 warnings
tests/unit/test_control_plane_network_local.py: 17 warnings
tests/unit/test_control_plane_network_remote.py: 31 warnings
tests/unit/test_cp_state_base.py: 2 warnings
tests/unit/test_dir_ledger.py: 14 warnings
tests/unit/test_disk_scan_offload.py: 2 warnings
tests/unit/test_env_file_permissions_guard.py: 11 warnings
tests/unit/test_eviction_execution.py: 5 warnings
tests/unit/test_executor_policy.py: 1 warning
tests/unit/test_gateway.py: 152 warnings
tests/unit/test_image_cache_sharing.py: 325 warnings
tests/unit/test_image_rootfs_cache_split.py: 1 warning
tests/unit/test_image_rootfs_links.py: 1 warning
tests/unit/test_k0s_secrets_script.py: 171 warnings
tests/unit/test_local_oci_images.py: 1 warning
tests/unit/test_mcp_gateway.py: 33 warnings
tests/unit/test_migrate_state_base_script.py: 74 warnings
tests/unit/test_migrate_tenants.py: 7 warnings
tests/unit/test_migration_volume_quota.py: 7 warnings
tests/unit/test_node_health_sweep.py: 1 warning
tests/unit/test_oci_registry.py: 141 warnings
tests/unit/test_path_safety.py: 2 warnings
tests/unit/test_pause_quota.py: 2 warnings
tests/unit/test_platform_disk.py: 6 warnings
tests/unit/test_policy_mapping.py: 1 warning
tests/unit/test_priv_helpers.py: 9 warnings
tests/unit/test_process_command_lock.py: 1 warning
tests/unit/test_provision_local_uid.py: 6 warnings
tests/unit/test_pure_rootfs_shape.py: 1 warning
tests/unit/test_quota_agent_client.py: 4 warnings
tests/unit/test_quota_agent_server.py: 11 warnings
tests/unit/test_quota_agent_startup_race.py: 157 warnings
tests/unit/test_quota_maintenance.py: 15 warnings
tests/unit/test_ratelimit.py: 2 warnings
tests/unit/test_real_root_gate.py: 4 warnings
tests/unit/test_record_namespace_isolation.py: 18 warnings
tests/unit/test_redis_multireplica.py: 191 warnings
tests/unit/test_registry_fixture_failures.py: 2 warnings
tests/unit/test_remote_pause_delivery.py: 179 warnings
tests/unit/test_rotate_secret_master_script.py: 308 warnings
tests/unit/test_route_b_wiring.py: 14 warnings
tests/unit/test_rpc_drift_throttle.py: 2 warnings
tests/unit/test_sandbox_activity.py: 1 warning
tests/unit/test_sandbox_registry.py: 42 warnings
tests/unit/test_sandbox_writer.py: 3 warnings
tests/unit/test_sandlock_executor_instance.py: 1 warning
tests/unit/test_sandlock_executor_route_b.py: 1 warning
tests/unit/test_secret_registry.py: 2 warnings
tests/unit/test_tenant_quota.py: 6 warnings
tests/unit/test_tenant_registry.py: 1 warning
tests/unit/test_uid_authority.py: 3 warnings
tests/unit/test_uid_pool.py: 11 warnings
tests/unit/test_upgrade_digest_validation.py: 3 warnings
tests/unit/test_upgrade_quota_agent_profile.py: 4 warnings
tests/unit/test_volume_quota.py: 21 warnings
tests/unit/test_volume_registry.py: 6 warnings
tests/unit/test_worker_manifest_permissions.py: 1 warning
tests/unit/test_xfs_project_management.py: 2 warnings
tests/unit/test_xfs_project_quota_agent.py: 21 warnings
tests/unit/test_xfs_quota.py: 4 warnings
tests/unit/test_xfs_quotactl_backend.py: 109 warnings
  /usr/local/lib/python3.14/asyncio/threads.py:26: DeprecationWarning: 'asyncio.iscoroutinefunction' is deprecated and slated for removal in Python 3.16; use inspect.iscoroutinefunction() instead
    return await loop.run_in_executor(None, func_call)

-- Docs: https://docs.pytest.org/en/stable/how-to/capture-warnings.html
=========================== short test summary info ============================
SKIPPED [1] tests/contract/test_pure_shape_workspace_ownership.py:128: pure-sandlock contract requires an empty E2B_BASE_IMAGE (gate B shape)
SKIPPED [1] tests/security/test_template_isolation.py:169: the unprivileged worker shape both production manifests ship
SKIPPED [1] ../Users/polus/project/ai/sandlock-e2b/tests/unit/test_dir_ledger.py:282: root can read a 0000 directory
SKIPPED [1] tests/unit/test_uid_pool.py:469: the non-root worker shape cannot be asserted as root
SKIPPED [1] ../Users/polus/project/ai/sandlock-e2b/tests/unit/test_worker_manifest_permissions.py:614: kubectl needed to render the kustomize overlay
SKIPPED [1] ../Users/polus/project/ai/sandlock-e2b/tests/unit/test_worker_manifest_permissions.py:669: kubectl needed to render the kustomize overlay
SKIPPED [1] ../Users/polus/project/ai/sandlock-e2b/tests/unit/test_worker_manifest_permissions.py:704: kubectl needed to render the kustomize overlay
SKIPPED [1] ../Users/polus/project/ai/sandlock-e2b/tests/unit/test_worker_manifest_permissions.py:785: kubectl needed to render the kustomize overlay
SKIPPED [1] ../Users/polus/project/ai/sandlock-e2b/tests/unit/test_worker_manifest_permissions.py:868: kubectl needed to render the kustomize overlay
SKIPPED [1] ../Users/polus/project/ai/sandlock-e2b/tests/unit/test_worker_manifest_permissions.py:1390: kubectl needed to render the kustomize overlay
XFAIL tests/security/test_chroot_exec_shebang.py::test_shebang_script_written_into_the_workspace_runs - N35: refused without a real root (EACCES/ETXTBSY) -- docs/chroot-workspace-exec.md
XFAIL tests/security/test_chroot_exec_shebang.py::test_script_whose_interpreter_was_written_in_the_same_command_runs - N35: a workspace-resident interpreter is refused without a real root -- docs/chroot-workspace-exec.md
XFAIL tests/security/test_chroot_exec_shebang.py::test_a_format_handler_resolves_its_interpreter_inside_the_sandbox - N35: a format handler's interpreter is resolved in the host's path space without a real root -- docs/chroot-workspace-exec.md
2022 passed, 10 skipped, 3 xfailed, 13294 warnings in 503.13s (0:08:23)
