test-runner: no /dev/loop-control: XFS gates unavailable
........................................................................ [  3%]
.............................................ss......................... [  7%]
........sss............................................................. [ 10%]
.........................................................s.............. [ 14%]
........................................................................ [ 17%]
........................................................................ [ 21%]
..................xxx........s...................s..s................... [ 24%]
........................................................................ [ 28%]
........................................................................ [ 31%]
.........................s.............................................. [ 35%]
........................................................................ [ 38%]
........................................................................ [ 42%]
........................................................................ [ 45%]
........................................................................ [ 49%]
........................................................................ [ 53%]
........................................................................ [ 56%]
........................................................................ [ 60%]
........................................................................ [ 63%]
........................................................................ [ 67%]
........................................................................ [ 70%]
........................................................................ [ 74%]
........................................................................ [ 77%]
........................................................................ [ 81%]
........................................................................ [ 84%]
........................................................................ [ 88%]
....s................................................................... [ 91%]
..........................................sssss..............s.......... [ 95%]
........................................................................ [ 99%]
...................                                                      [100%]
=============================== warnings summary ===============================
tests/contract/test_command_logs.py: 12 warnings
tests/contract/test_connect_protocol.py: 1 warning
tests/contract/test_control_plane.py: 5 warnings
tests/contract/test_create_queue_api.py: 14 warnings
tests/contract/test_delete_trusted_targets.py: 3 warnings
tests/contract/test_envd_http.py: 3 warnings
tests/contract/test_eviction_api.py: 4 warnings
tests/contract/test_idle_activity.py: 3 warnings
tests/contract/test_internal_key_rotation.py: 1 warning
tests/contract/test_mcp_gateway_failure.py: 22 warnings
tests/contract/test_mcp_netns.py: 59 warnings
tests/contract/test_memory_quota_boxed.py: 475 warnings
tests/contract/test_memory_quota_gateway_command.py: 115 warnings
tests/contract/test_merged_single_port.py: 7 warnings
tests/contract/test_migration.py: 117 warnings
tests/contract/test_multinode.py: 14 warnings
tests/contract/test_network_api.py: 47 warnings
tests/contract/test_node_partition_reconcile.py: 12 warnings
tests/contract/test_orphan_tree_gc.py: 243 warnings
tests/contract/test_pause_resume_metrics_logs.py: 13 warnings
tests/contract/test_pause_resume_sandlock.py: 85 warnings
tests/contract/test_pause_resume_sandlock_multinode.py: 184 warnings
tests/contract/test_pause_write_gating.py: 11 warnings
tests/contract/test_pty_sandlock.py: 12 warnings
tests/contract/test_pure_shape_workspace_ownership.py: 25 warnings
tests/contract/test_redis_multireplica_e2e.py: 48 warnings
tests/contract/test_resource_create_limits.py: 8 warnings
tests/contract/test_route_b_executor.py: 54 warnings
tests/contract/test_scaling.py: 11 warnings
tests/contract/test_secrets.py: 13 warnings
tests/contract/test_server_keepalive.py: 271 warnings
tests/contract/test_server_port_reservation.py: 7 warnings
tests/contract/test_size_limits.py: 15 warnings
tests/contract/test_snapshots.py: 193 warnings
tests/contract/test_teardown_failure_semantics.py: 45 warnings
tests/contract/test_template_upload.py: 24 warnings
tests/contract/test_tenant_isolation.py: 24 warnings
tests/contract/test_tls.py: 17 warnings
tests/contract/test_uid_permissions.py: 7 warnings
tests/contract/test_volumes.py: 41 warnings
tests/perf/test_latency.py: 49 warnings
tests/sdk/js/test_js_sdk.py: 126 warnings
tests/sdk/python/test_commands.py: 128 warnings
tests/sdk/python/test_features.py: 13 warnings
tests/sdk/python/test_files.py: 16 warnings
tests/sdk/python/test_mcp.py: 52 warnings
tests/sdk/python/test_multinode.py: 70 warnings
tests/sdk/python/test_sandbox.py: 11 warnings
tests/sdk/python/test_shared_volumes.py: 41 warnings
tests/sdk/python/test_snapshots.py: 7 warnings
tests/sdk/python/test_stdin.py: 2 warnings
tests/sdk/python/test_templates.py: 1957 warnings
tests/security/escape/test_path_surface_inotify.py: 234 warnings
tests/security/test_chroot_exec_shebang.py: 666 warnings
tests/security/test_egress_proxy.py: 16 warnings
tests/security/test_fork_network_features.py: 34 warnings
tests/security/test_network_enforcement.py: 60 warnings
tests/security/test_process_limits.py: 977 warnings
tests/security/test_pure_root_errno_contract.py: 14 warnings
tests/security/test_quota_admission.py: 1906 warnings
tests/security/test_real_root_denials.py: 100 warnings
tests/security/test_real_root_mounts.py: 95 warnings
tests/security/test_sandlock_isolation.py: 118 warnings
tests/security/test_template_isolation.py: 210 warnings
tests/security/test_traversal_and_ids.py: 2 warnings
tests/security/test_uid_isolation.py: 4 warnings
tests/security/test_worker_nonroot.py: 808 warnings
tests/unit/test_agent_checkpoint_restore.py: 35 warnings
tests/unit/test_agent_create_sandbox_auth.py: 27 warnings
tests/unit/test_agent_pause_resume.py: 4 warnings
tests/unit/test_brief_stat.py: 9 warnings
tests/unit/test_checkpoint_store.py: 5 warnings
tests/unit/test_cleanup_plaintext_secrets.py: 5 warnings
tests/unit/test_control_plane_checkpoint_proxy.py: 15 warnings
tests/unit/test_control_plane_network_local.py: 7 warnings
tests/unit/test_control_plane_network_remote.py: 29 warnings
tests/unit/test_controlplane_local_node_quota.py: 3 warnings
tests/unit/test_cp_state_base.py: 14 warnings
tests/unit/test_cpu_activity.py: 1 warning
tests/unit/test_create_queue.py: 1 warning
tests/unit/test_dir_ledger.py: 1 warning
tests/unit/test_disk_tightening.py: 2 warnings
tests/unit/test_eviction_selector.py: 7 warnings
tests/unit/test_executor_factory_sandlock_health.py: 1 warning
tests/unit/test_executor_policy.py: 3 warnings
tests/unit/test_executor_update_network.py: 2 warnings
tests/unit/test_file_size_limit.py: 3 warnings
tests/unit/test_filesystem_ops.py: 18 warnings
tests/unit/test_gateway.py: 149 warnings
tests/unit/test_image_cache_sharing.py: 311 warnings
tests/unit/test_image_rootfs_cache_split.py: 1 warning
tests/unit/test_k0s_secrets_script.py: 165 warnings
tests/unit/test_local_oci_images.py: 1 warning
tests/unit/test_mcp_gateway.py: 34 warnings
tests/unit/test_migrate_state_base_script.py: 90 warnings
tests/unit/test_migrate_tenants.py: 2 warnings
tests/unit/test_migration_volume_quota.py: 1 warning
tests/unit/test_node_health_sweep.py: 6 warnings
tests/unit/test_node_heartbeat_timeout_config.py: 1 warning
tests/unit/test_node_registry.py: 10 warnings
tests/unit/test_oci_registry.py: 134 warnings
tests/unit/test_pause_quota.py: 3 warnings
tests/unit/test_priv_helpers.py: 3 warnings
tests/unit/test_process_command_lock.py: 23 warnings
tests/unit/test_prod_shaped_lane_netns_passthrough.py: 1 warning
tests/unit/test_pure_rootfs_shape.py: 1 warning
tests/unit/test_quota_agent_server.py: 3 warnings
tests/unit/test_quota_agent_startup_race.py: 152 warnings
tests/unit/test_quota_maintenance.py: 30 warnings
tests/unit/test_real_root_gate.py: 4 warnings
tests/unit/test_record_namespace_isolation.py: 4 warnings
tests/unit/test_redis_multireplica.py: 198 warnings
tests/unit/test_registry_dirty_snapshot.py: 2 warnings
tests/unit/test_registry_fixture_failures.py: 2 warnings
tests/unit/test_remote_pause_delivery.py: 167 warnings
tests/unit/test_rotate_secret_master_script.py: 313 warnings
tests/unit/test_route_b_wiring.py: 18 warnings
tests/unit/test_sandbox_activity.py: 4 warnings
tests/unit/test_sandbox_disk_enforcement.py: 7 warnings
tests/unit/test_sandbox_registry.py: 34 warnings
tests/unit/test_sandlock_executor_instance.py: 3 warnings
tests/unit/test_sandlock_executor_route_b.py: 1 warning
tests/unit/test_tenant_quota.py: 14 warnings
tests/unit/test_tenant_registry.py: 8 warnings
tests/unit/test_ttl.py: 2 warnings
tests/unit/test_uid_pool.py: 1 warning
tests/unit/test_upgrade_digest_validation.py: 4 warnings
tests/unit/test_upgrade_quota_agent_profile.py: 1 warning
tests/unit/test_volume_quota.py: 23 warnings
tests/unit/test_worker_manifest_permissions.py: 3 warnings
tests/unit/test_xfs_project_quota_agent.py: 25 warnings
tests/unit/test_xfs_quota.py: 3 warnings
tests/unit/test_xfs_quotactl_backend.py: 89 warnings
  /usr/local/lib/python3.14/asyncio/threads.py:26: DeprecationWarning: 'asyncio.iscoroutinefunction' is deprecated and slated for removal in Python 3.16; use inspect.iscoroutinefunction() instead
    return await loop.run_in_executor(None, func_call)

-- Docs: https://docs.pytest.org/en/stable/how-to/capture-warnings.html
=========================== short test summary info ============================
SKIPPED [2] tests/contract/test_mcp_gateway_keepalive.py:84: no base image configured (pure shape): nothing to inspect
SKIPPED [1] tests/contract/test_nonroot_route_b.py:156: the route-B contract needs the sandlock wheel (with the supervise binary) and the image-rootfs shape (E2B_BASE_IMAGE)
SKIPPED [1] tests/contract/test_nonroot_route_b.py:330: the route-B contract needs the sandlock wheel (with the supervise binary) and the image-rootfs shape (E2B_BASE_IMAGE)
SKIPPED [1] tests/contract/test_nonroot_route_b.py:373: the route-B contract needs the sandlock wheel (with the supervise binary) and the image-rootfs shape (E2B_BASE_IMAGE)
SKIPPED [1] tests/contract/test_shared_volume_relative_cwd.py:65: the workspace aliases are resolved by the mount table, which needs a sandbox root: set E2B_BASE_IMAGE (image shape) or E2B_PURE_ROOTFS=synth (pure shape)
SKIPPED [1] tests/security/test_fork_network_features.py:370: requires E2B_BASE_IMAGE (image-rootfs sandboxes)
SKIPPED [1] tests/security/test_template_isolation.py:45: no base image configured for template isolation test
SKIPPED [1] tests/security/test_template_isolation.py:169: the unprivileged worker shape both production manifests ship
SKIPPED [1] ../Users/polus/project/ai/sandlock-e2b/tests/unit/test_dir_ledger.py:282: root can read a 0000 directory
SKIPPED [1] tests/unit/test_uid_pool.py:469: the non-root worker shape cannot be asserted as root
SKIPPED [1] ../Users/polus/project/ai/sandlock-e2b/tests/unit/test_worker_manifest_permissions.py:614: kubectl needed to render the kustomize overlay
SKIPPED [1] ../Users/polus/project/ai/sandlock-e2b/tests/unit/test_worker_manifest_permissions.py:669: kubectl needed to render the kustomize overlay
SKIPPED [1] ../Users/polus/project/ai/sandlock-e2b/tests/unit/test_worker_manifest_permissions.py:704: kubectl needed to render the kustomize overlay
SKIPPED [1] ../Users/polus/project/ai/sandlock-e2b/tests/unit/test_worker_manifest_permissions.py:785: kubectl needed to render the kustomize overlay
SKIPPED [1] ../Users/polus/project/ai/sandlock-e2b/tests/unit/test_worker_manifest_permissions.py:868: kubectl needed to render the kustomize overlay
SKIPPED [1] ../Users/polus/project/ai/sandlock-e2b/tests/unit/test_worker_manifest_permissions.py:1390: kubectl needed to render the kustomize overlay
XFAIL tests/security/test_chroot_exec_shebang.py::test_shebang_script_written_into_the_workspace_runs - N35: refused without a real root (EACCES/ETXTBSY) -- docs/chroot-workspace-exec.md
XFAIL tests/security/test_chroot_exec_shebang.py::test_script_whose_interpreter_was_written_in_the_same_command_runs - N35: a workspace-resident interpreter is refused without a real root -- docs/chroot-workspace-exec.md
XFAIL tests/security/test_chroot_exec_shebang.py::test_a_format_handler_resolves_its_interpreter_inside_the_sandbox - N35: a format handler's interpreter is resolved in the host's path space without a real root -- docs/chroot-workspace-exec.md
2015 passed, 17 skipped, 3 xfailed, 12224 warnings in 454.01s (0:07:34)
